// Vitest Snapshot v1, https://vitest.dev/guide/snapshot.html

exports[`Components/ThemeToggle DarkMode play-test 1`] = `
<div class="flex items-center gap-1 rounded-lg border border-secondary-100/80 bg-overlay-100/90 p-1 shadow-sm backdrop-blur dark:border-base-800/60 dark:bg-base-800/60">
  <button type="button"
          class="flex h-9 w-9 items-center justify-center rounded-md border border-transparent text-sm transition-colors duration-200 text-base-800 hover:bg-primary-50 hover:text-secondary-950 dark:text-base-100 dark:hover:bg-base-800 dark:hover:text-base-50"
          aria-pressed="false"
          aria-label="ライトモードに切り替える"
  >
    <svg stroke="currentColor"
         fill="none"
         stroke-width="2"
         viewbox="0 0 24 24"
         stroke-linecap="round"
         stroke-linejoin="round"
         class="h-4 w-4"
         height="1em"
         width="1em"
         xmlns="http://www.w3.org/2000/svg"
    >
      <circle cx="12"
              cy="12"
              r="5"
      >
      </circle>
      <line x1="12"
            y1="1"
            x2="12"
            y2="3"
      >
      </line>
      <line x1="12"
            y1="21"
            x2="12"
            y2="23"
      >
      </line>
      <line x1="4.22"
            y1="4.22"
            x2="5.64"
            y2="5.64"
      >
      </line>
      <line x1="18.36"
            y1="18.36"
            x2="19.78"
            y2="19.78"
      >
      </line>
      <line x1="1"
            y1="12"
            x2="3"
            y2="12"
      >
      </line>
      <line x1="21"
            y1="12"
            x2="23"
            y2="12"
      >
      </line>
      <line x1="4.22"
            y1="19.78"
            x2="5.64"
            y2="18.36"
      >
      </line>
      <line x1="18.36"
            y1="5.64"
            x2="19.78"
            y2="4.22"
      >
      </line>
    </svg>
  </button>
  <button type="button"
          class="flex h-9 w-9 items-center justify-center rounded-md border border-transparent text-sm transition-colors duration-200 text-white shadow-sm bg-primary-500"
          aria-pressed="true"
          aria-label="ダークモードに切り替える"
  >
    <svg stroke="currentColor"
         fill="none"
         stroke-width="2"
         viewbox="0 0 24 24"
         stroke-linecap="round"
         stroke-linejoin="round"
         class="h-4 w-4"
         height="1em"
         width="1em"
         xmlns="http://www.w3.org/2000/svg"
    >
      <path d="M21 12.79A9 9 0 1 1 11.21 3 7 7 0 0 0 21 12.79z">
      </path>
    </svg>
  </button>
</div>
`;

exports[`Components/ThemeToggle LightMode play-test 1`] = `
<div class="flex items-center gap-1 rounded-lg border border-secondary-100/80 bg-overlay-100/90 p-1 shadow-sm backdrop-blur dark:border-base-800/60 dark:bg-base-800/60">
  <button type="button"
          class="flex h-9 w-9 items-center justify-center rounded-md border border-transparent text-sm transition-colors duration-200 text-white shadow-sm bg-primary-500"
          aria-pressed="true"
          aria-label="ライトモードに切り替える"
  >
    <svg stroke="currentColor"
         fill="none"
         stroke-width="2"
         viewbox="0 0 24 24"
         stroke-linecap="round"
         stroke-linejoin="round"
         class="h-4 w-4"
         height="1em"
         width="1em"
         xmlns="http://www.w3.org/2000/svg"
    >
      <circle cx="12"
              cy="12"
              r="5"
      >
      </circle>
      <line x1="12"
            y1="1"
            x2="12"
            y2="3"
      >
      </line>
      <line x1="12"
            y1="21"
            x2="12"
            y2="23"
      >
      </line>
      <line x1="4.22"
            y1="4.22"
            x2="5.64"
            y2="5.64"
      >
      </line>
      <line x1="18.36"
            y1="18.36"
            x2="19.78"
            y2="19.78"
      >
      </line>
      <line x1="1"
            y1="12"
            x2="3"
            y2="12"
      >
      </line>
      <line x1="21"
            y1="12"
            x2="23"
            y2="12"
      >
      </line>
      <line x1="4.22"
            y1="19.78"
            x2="5.64"
            y2="18.36"
      >
      </line>
      <line x1="18.36"
            y1="5.64"
            x2="19.78"
            y2="4.22"
      >
      </line>
    </svg>
  </button>
  <button type="button"
          class="flex h-9 w-9 items-center justify-center rounded-md border border-transparent text-sm transition-colors duration-200 text-base-800 hover:bg-primary-50 hover:text-secondary-950 dark:text-base-100 dark:hover:bg-base-800 dark:hover:text-base-50"
          aria-pressed="false"
          aria-label="ダークモードに切り替える"
  >
    <svg stroke="currentColor"
         fill="none"
         stroke-width="2"
         viewbox="0 0 24 24"
         stroke-linecap="round"
         stroke-linejoin="round"
         class="h-4 w-4"
         height="1em"
         width="1em"
         xmlns="http://www.w3.org/2000/svg"
    >
      <path d="M21 12.79A9 9 0 1 1 11.21 3 7 7 0 0 0 21 12.79z">
      </path>
    </svg>
  </button>
</div>
`;
